
> server@1.0.0 dev
> nodemon server.js

[33m[nodemon] 3.1.14[39m
[33m[nodemon] to restart at any time, enter `rs`[39m
[33m[nodemon] watching path(s): *.*[39m
[33m[nodemon] watching extensions: js,mjs,cjs,json[39m
[32m[nodemon] starting `node server.js`[39m
◇ injected env (5) from .env // tip: ◈ secrets for agents [www.dotenvx.com]
Server running on port 5000
MongoDB connected: ac-hcskzdl-shard-00-02.ylqcobm.mongodb.net
[32m[nodemon] restarting due to changes...[39m
[32m[nodemon] starting `node server.js`[39m
◇ injected env (5) from .env // tip: ◈ encrypted .env [www.dotenvx.com]
Server running on port 5000
MongoDB connected: ac-hcskzdl-shard-00-02.ylqcobm.mongodb.net
[31m[nodemon] app crashed - waiting for file changes before starting...[39m
[32m[nodemon] restarting due to changes...[39m
[32m[nodemon] starting `node server.js`[39m
◇ injected env (5) from .env // tip: ⌁ auth for agents [www.vestauth.com]
Server running on port 5000
MongoDB connected: ac-hcskzdl-shard-00-00.ylqcobm.mongodb.net
[31m[nodemon] app crashed - waiting for file changes before starting...[39m
[32m[nodemon] restarting due to changes...[39m
[32m[nodemon] starting `node server.js`[39m
◇ injected env (5) from .env // tip: ◈ secrets for agents [www.dotenvx.com]
Server running on port 5000
MongoDB connected: ac-hcskzdl-shard-00-00.ylqcobm.mongodb.net
[32m[nodemon] restarting due to changes...[39m
[32m[nodemon] restarting due to changes...[39m
[32m[nodemon] starting `node server.js`[39m
◇ injected env (5) from .env // tip: ⌘ multiple files { path: ['.env.local', '.env'] }
Server running on port 5000
MongoDB connected: ac-hcskzdl-shard-00-00.ylqcobm.mongodb.net
[32m[nodemon] restarting due to changes...[39m
[32m[nodemon] starting `node server.js`[39m
◇ injected env (4) from .env // tip: ◈ secrets for agents [www.dotenvx.com]
Server running on port 5000
MongoDB connected: ac-hcskzdl-shard-00-00.ylqcobm.mongodb.net
[32m[nodemon] restarting due to changes...[39m
[32m[nodemon] starting `node server.js`[39m
◇ injected env (4) from .env // tip: ◈ secrets for agents [www.dotenvx.com]
Server running on port 5000
MongoDB connected: ac-hcskzdl-shard-00-02.ylqcobm.mongodb.net
[32m[nodemon] restarting due to changes...[39m
[32m[nodemon] starting `node server.js`[39m
◇ injected env (4) from .env // tip: ◈ secrets for agents [www.dotenvx.com]
Server running on port 5000
MongoDB connected: ac-hcskzdl-shard-00-02.ylqcobm.mongodb.net
[32m[nodemon] restarting due to changes...[39m
[32m[nodemon] starting `node server.js`[39m
[32m[nodemon] restarting due to changes...[39m
[32m[nodemon] starting `node server.js`[39m
[32m[nodemon] restarting due to changes...[39m
[32m[nodemon] restarting due to changes...[39m
◇ injected env (4) from .env // tip: ⌘ suppress logs { quiet: true }
Server running on port 5000
[32m[nodemon] starting `node server.js`[39m
◇ injected env (4) from .env // tip: ◈ encrypted .env [www.dotenvx.com]
Server running on port 5000
MongoDB connected: ac-hcskzdl-shard-00-00.ylqcobm.mongodb.net
[32m[nodemon] restarting due to changes...[39m
[32m[nodemon] starting `node server.js`[39m
◇ injected env (4) from .env // tip: ⌘ suppress logs { quiet: true }
Server running on port 5000
MongoDB connected: ac-hcskzdl-shard-00-01.ylqcobm.mongodb.net
[32m[nodemon] restarting due to changes...[39m
[32m[nodemon] starting `node server.js`[39m
◇ injected env (4) from .env // tip: ◈ secrets for agents [www.dotenvx.com]
Server running on port 5000
MongoDB connected: ac-hcskzdl-shard-00-00.ylqcobm.mongodb.net
[32m[nodemon] restarting due to changes...[39m
[32m[nodemon] restarting due to changes...[39m
[32m[nodemon] restarting due to changes...[39m
[32m[nodemon] restarting due to changes...[39m
[32m[nodemon] starting `node server.js`[39m
node:internal/modules/cjs/loader:1252
  throw err;
  ^

Error: Cannot find module 'd:\Kathir\Freelance_projects\Vinayaga_constructions\server\server.js'
    at Function._resolveFilename (node:internal/modules/cjs/loader:1249:15)
    at Function._load (node:internal/modules/cjs/loader:1075:27)
    at TracingChannel.traceSync (node:diagnostics_channel:322:14)
    at wrapModuleLoad (node:internal/modules/cjs/loader:219:24)
    at Function.executeUserEntryPoint [as runMain] (node:internal/modules/run_main:170:5)
    at node:internal/main/run_main_module:36:49 {
  code: 'MODULE_NOT_FOUND',
  requireStack: []
}

Node.js v22.12.0
[31m[nodemon] app crashed - waiting for file changes before starting...[39m
[32m[nodemon] restarting due to changes...[39m
[32m[nodemon] starting `node server.js`[39m
node:internal/modules/cjs/loader:1252
  throw err;
  ^

Error: Cannot find module 'd:\Kathir\Freelance_projects\Vinayaga_constructions\server\server.js'
    at Function._resolveFilename (node:internal/modules/cjs/loader:1249:15)
    at Function._load (node:internal/modules/cjs/loader:1075:27)
    at TracingChannel.traceSync (node:diagnostics_channel:322:14)
    at wrapModuleLoad (node:internal/modules/cjs/loader:219:24)
    at Function.executeUserEntryPoint [as runMain] (node:internal/modules/run_main:170:5)
    at node:internal/main/run_main_module:36:49 {
  code: 'MODULE_NOT_FOUND',
  requireStack: []
}

Node.js v22.12.0
[32m[nodemon] restarting due to changes...[39m
[32m[nodemon] restarting due to changes...[39m
[32m[nodemon] restarting due to changes...[39m
[32m[nodemon] restarting due to changes...[39m
[32m[nodemon] restarting due to changes...[39m
[32m[nodemon] restarting due to changes...[39m
[32m[nodemon] restarting due to changes...[39m
[32m[nodemon] restarting due to changes...[39m
[32m[nodemon] restarting due to changes...[39m
[32m[nodemon] restarting due to changes...[39m
[32m[nodemon] restarting due to changes...[39m
[32m[nodemon] restarting due to changes...[39m
[32m[nodemon] restarting due to changes...[39m
[32m[nodemon] starting `node server.js`[39m
node:internal/modules/cjs/loader:1252
  throw err;
  ^

Error: Cannot find module 'd:\Kathir\Freelance_projects\Vinayaga_constructions\server\server.js'
    at Function._resolveFilename (node:internal/modules/cjs/loader:1249:15)
    at Function._load (node:internal/modules/cjs/loader:1075:27)
    at TracingChannel.traceSync (node:diagnostics_channel:322:14)
    at wrapModuleLoad (node:internal/modules/cjs/loader:219:24)
    at Function.executeUserEntryPoint [as runMain] (node:internal/modules/run_main:170:5)
    at node:internal/main/run_main_module:36:49 {
  code: 'MODULE_NOT_FOUND',
  requireStack: []
}

Node.js v22.12.0
[31m[nodemon] app crashed - waiting for file changes before starting...[39m
[32m[nodemon] restarting due to changes...[39m
[32m[nodemon] starting `node server.js`[39m
[32m[nodemon] restarting due to changes...[39m
[32m[nodemon] restarting due to changes...[39m
[32m[nodemon] restarting due to changes...[39m
node:internal/modules/esm/resolve:275
    throw new ERR_MODULE_NOT_FOUND(
          ^

Error [ERR_MODULE_NOT_FOUND]: Cannot find module 'd:\Kathir\Freelance_projects\Vinayaga_constructions\server\src\db.js' imported from d:\Kathir\Freelance_projects\Vinayaga_constructions\server\server.js
    at finalizeResolution (node:internal/modules/esm/resolve:275:11)
    at moduleResolve (node:internal/modules/esm/resolve:932:10)
    at defaultResolve (node:internal/modules/esm/resolve:1056:11)
    at ModuleLoader.defaultResolve (node:internal/modules/esm/loader:654:12)
    at #cachedDefaultResolve (node:internal/modules/esm/loader:603:25)
    at ModuleLoader.resolve (node:internal/modules/esm/loader:586:38)
    at ModuleLoader.getModuleJobForImport (node:internal/modules/esm/loader:242:38)
    at ModuleJob._link (node:internal/modules/esm/module_job:135:49) {
  code: 'ERR_MODULE_NOT_FOUND',
  url: 'file:///d:/Kathir/Freelance_projects/Vinayaga_constructions/server/src/db.js'
}

Node.js v22.12.0
[32m[nodemon] starting `node server.js`[39m
node:internal/modules/esm/resolve:275
    throw new ERR_MODULE_NOT_FOUND(
          ^

Error [ERR_MODULE_NOT_FOUND]: Cannot find module 'd:\Kathir\Freelance_projects\Vinayaga_constructions\server\src\db.js' imported from d:\Kathir\Freelance_projects\Vinayaga_constructions\server\server.js
    at finalizeResolution (node:internal/modules/esm/resolve:275:11)
    at moduleResolve (node:internal/modules/esm/resolve:932:10)
    at defaultResolve (node:internal/modules/esm/resolve:1056:11)
    at ModuleLoader.defaultResolve (node:internal/modules/esm/loader:654:12)
    at #cachedDefaultResolve (node:internal/modules/esm/loader:603:25)
    at ModuleLoader.resolve (node:internal/modules/esm/loader:586:38)
    at ModuleLoader.getModuleJobForImport (node:internal/modules/esm/loader:242:38)
    at ModuleJob._link (node:internal/modules/esm/module_job:135:49) {
  code: 'ERR_MODULE_NOT_FOUND',
  url: 'file:///d:/Kathir/Freelance_projects/Vinayaga_constructions/server/src/db.js'
}

Node.js v22.12.0
[31m[nodemon] app crashed - waiting for file changes before starting...[39m
[32m[nodemon] restarting due to changes...[39m
[32m[nodemon] starting `node server.js`[39m
[32m[nodemon] restarting due to changes...[39m
[32m[nodemon] restarting due to changes...[39m
[32m[nodemon] restarting due to changes...[39m
[32m[nodemon] restarting due to changes...[39m
[32m[nodemon] restarting due to changes...[39m
[32m[nodemon] restarting due to changes...[39m
[32m[nodemon] restarting due to changes...[39m
[32m[nodemon] restarting due to changes...[39m
[32m[nodemon] restarting due to changes...[39m
[32m[nodemon] restarting due to changes...[39m
[32m[nodemon] restarting due to changes...[39m
[32m[nodemon] restarting due to changes...[39m
[32m[nodemon] restarting due to changes...[39m
[32m[nodemon] starting `node server.js`[39m
◇ injected env (4) from .env // tip: ◈ secrets for agents [www.dotenvx.com]
Server running on port 5000
MongoDB connected: ac-hcskzdl-shard-00-00.ylqcobm.mongodb.net
